[htmldemo.net/james/james/index.html]
[backblue.gif]
[fade.gif]
[index.html]
[htmldemo.net/james/james/img/favicon.ico]
[htmldemo.net/james/james/css/font-awesome.min.css]
[htmldemo.net/james/james/css/bootstrap.min.css]
[htmldemo.net/james/james/css/owl.carousel.css]
[htmldemo.net/james/james/css/owl.theme.css]
[htmldemo.net/james/james/css/owl.transitions.css]
[htmldemo.net/james/james/css/jquery-ui.css]
[htmldemo.net/james/james/css/meanmenu.min.css]
[htmldemo.net/james/james/lib/css/nivo-slider.css]
[htmldemo.net/james/james/lib/css/preview.css]
[htmldemo.net/james/james/css/magic.css]
[htmldemo.net/james/james/css/animate.css]
[htmldemo.net/james/james/css/normalize.css]
[htmldemo.net/james/james/css/main.css]
[htmldemo.net/james/james/css/responsive.css]
[htmldemo.net/james/james/style.css]
[htmldemo.net/james/james/js/vendor/modernizr-2.8.3.min.js]
[htmldemo.net/james/james/my-account.html]
[htmldemo.net/james/james/wishlist.html]
[htmldemo.net/james/james/cart.html]
[htmldemo.net/james/james/checkout.html]
[htmldemo.net/james/james/blog.html]
[htmldemo.net/james/james/img/icon-cart.png]
[htmldemo.net/james/james/img/cart/1.png]
[htmldemo.net/james/james/img/cart/2.png]
[htmldemo.net/james/james/img/logo.png]
[htmldemo.net/james/james/index-2.html]
[htmldemo.net/james/james/shop.html]
[htmldemo.net/james/james/img/banner/menu-banner.png]
[htmldemo.net/james/james/about-us.html]
[htmldemo.net/james/james/blog-details.html]
[htmldemo.net/james/james/contact.html]
[htmldemo.net/james/james/shop-list.html]
[htmldemo.net/james/james/single-product.html]
[htmldemo.net/james/james/login.html]
[htmldemo.net/james/james/register.html]
[htmldemo.net/james/james/img/slider/slider-1.jpg]
[htmldemo.net/james/james/img/slider/slider-2.jpg]
[htmldemo.net/james/james/img/banner/banner-2.jpg]
[htmldemo.net/james/james/img/banner/banner-1.jpg]
[htmldemo.net/james/james/img/banner/banner-3.jpg]
[htmldemo.net/james/james/img/banner/banner-4.jpg]
[htmldemo.net/james/james/img/banner/banner-5.jpg]
[htmldemo.net/james/james/img/product/1.png]
[htmldemo.net/james/james/img/product/2.png]
[htmldemo.net/james/james/img/product/3.png]
[htmldemo.net/james/james/img/product/4.png]
[htmldemo.net/james/james/img/product/9.png]
[htmldemo.net/james/james/img/product/10.png]
[htmldemo.net/james/james/img/product/5.png]
[htmldemo.net/james/james/img/product/6.png]
[htmldemo.net/james/james/img/product/11.png]
[htmldemo.net/james/james/img/product/12.png]
[htmldemo.net/james/james/img/product/21.png]
[htmldemo.net/james/james/img/product/22.png]
[htmldemo.net/james/james/img/product/16.png]
[htmldemo.net/james/james/img/product/19.png]
[htmldemo.net/james/james/img/product/20.png]
[htmldemo.net/james/james/img/product/13.png]
[htmldemo.net/james/james/img/product/14.png]
[htmldemo.net/james/james/img/product/25.png]
[htmldemo.net/james/james/img/product/26.png]
[htmldemo.net/james/james/img/product/18.png]
[htmldemo.net/james/james/img/product/15.png]
[htmldemo.net/james/james/img/product/17.png]
[htmldemo.net/james/james/img/product/23.png]
[htmldemo.net/james/james/img/product/24.png]
[htmldemo.net/james/james/img/product/7.png]
[htmldemo.net/james/james/img/product/8.png]
[htmldemo.net/james/james/img/banner/banner-10.jpg]
[htmldemo.net/james/james/img/testimonial/1.jpg]
[htmldemo.net/james/james/img/testimonial/2.jpg]
[htmldemo.net/james/james/img/testimonial/3.jpg]
[htmldemo.net/james/james/img/blog/1.jpg]
[htmldemo.net/james/james/img/blog/2.jpg]
[htmldemo.net/james/james/img/blog/3.jpg]
[htmldemo.net/james/james/img/blog/4.jpg]
[htmldemo.net/james/james/img/logo-white.png]
[htmldemo.net/james/james/img/twitter/twitter-1.png]
[htmldemo.net/james/james/img/payment.png]
[htmldemo.net/james/james/img/product/quick-view.jpg]
[htmldemo.net/james/james/js/vendor/jquery-1.12.4.min.js]
[htmldemo.net/james/james/js/bootstrap.min.js]
[htmldemo.net/james/james/js/wow.min.js]
[htmldemo.net/james/james/js/jquery-price-slider.js]
[htmldemo.net/james/james/lib/js/jquery.nivo.slider.js]
[htmldemo.net/james/james/lib/home.js]
[htmldemo.net/james/james/js/jquery.meanmenu.js]
[htmldemo.net/james/james/js/owl.carousel.min.js]
[htmldemo.net/james/james/js/jquery.elevatezoom.js]
[htmldemo.net/james/james/js/jquery.scrollUp.min.js]
[htmldemo.net/james/james/js/plugins.js]
[htmldemo.net/james/james/index.html]
[htmldemo.net/james/james/css/bootstrap.min.css]
[htmldemo.net/james/james/js/main.js]
[htmldemo.net/james/james/fonts/fontawesome-webfont3295.eot]
[htmldemo.net/james/james/fonts/fontawesome-webfontd41d.eot]
[htmldemo.net/james/james/fonts/fontawesome-webfont3295.woff2]
[htmldemo.net/james/james/fonts/fontawesome-webfont3295.woff]
[htmldemo.net/james/james/fonts/fontawesome-webfont3295.ttf]
[htmldemo.net/james/james/css/font-awesome.min.css]
[htmldemo.net/james/james/css/grabbing.png]
[htmldemo.net/james/james/css/owl.carousel.css]
[htmldemo.net/james/james/fonts/fontawesome-webfont3295.svg]
[htmldemo.net/james/james/css/AjaxLoader.gif]
[htmldemo.net/james/james/css/owl.theme.css]
[htmldemo.net/james/james/css/owl.transitions.css]
[htmldemo.net/james/james/css/images/ui-bg_glass_75_dadada_1x400.png]
[htmldemo.net/james/james/css/images/ui-bg_glass_65_ffffff_1x400.png]
[htmldemo.net/james/james/css/images/ui-bg_glass_55_fbf9ee_1x400.png]
[htmldemo.net/james/james/css/images/ui-bg_glass_95_fef1ec_1x400.png]
[htmldemo.net/james/james/css/images/ui-icons_222222_256x240.png]
[htmldemo.net/james/james/css/images/ui-icons_888888_256x240.png]
[htmldemo.net/james/james/css/images/ui-icons_454545_256x240.png]
[htmldemo.net/james/james/css/images/ui-icons_2e83ff_256x240.png]
[htmldemo.net/james/james/css/images/ui-icons_cd0a0a_256x240.png]
[htmldemo.net/james/james/css/images/ui-bg_flat_0_aaaaaa_40x100.png]
[htmldemo.net/james/james/css/jquery-ui.css]
[htmldemo.net/james/james/css/meanmenu.min.css]
[htmldemo.net/james/james/lib/css/nivo-slider.css]
[htmldemo.net/james/james/lib/img/loading.gif]
[htmldemo.net/james/james/lib/img/bullets.png]
[htmldemo.net/james/james/lib/img/arrows.png]
[htmldemo.net/james/james/lib/css/preview.css]
[htmldemo.net/james/james/css/animate.css]
[htmldemo.net/james/james/css/magic.css]
[htmldemo.net/james/james/css/normalize.css]
[htmldemo.net/james/james/css/main.css]
[htmldemo.net/james/james/img/cart/btn_edit.gif]
[htmldemo.net/james/james/img/cart/btn_remove.png]
[htmldemo.net/james/james/img/button-slider.png]
[htmldemo.net/james/james/img/button-slider2.png]
[htmldemo.net/james/james/img/banner/banner-bg.jpg]
[htmldemo.net/james/james/img/testimonial/testimonial-bg.jpg]
[htmldemo.net/james/james/img/product/single-product-slider-control.png]
[htmldemo.net/james/james/style.css]
[htmldemo.net/james/james/css/responsive.css]
[htmldemo.net/james/james/my-account.html]
[htmldemo.net/james/james/img/checkout/checkout_banner.jpg]
[htmldemo.net/james/james/img/wishlist/1.png]
[htmldemo.net/james/james/img/wishlist/2.png]
[htmldemo.net/james/james/wishlist.html]
[htmldemo.net/james/james/img/cart/3.png]
[htmldemo.net/james/james/img/cart/4.png]
[htmldemo.net/james/james/img/cart/5.png]
[htmldemo.net/james/james/cart.html]
[htmldemo.net/james/james/img/product/banner_left.jpg]
[htmldemo.net/james/james/checkout.html]
[htmldemo.net/james/james/img/product/banner.jpg]
[htmldemo.net/james/james/img/blog/5.jpg]
[htmldemo.net/james/james/img/blog/6.jpg]
[htmldemo.net/james/james/img/product/pager_arrow_right.gif]
[htmldemo.net/james/james/blog.html]
[htmldemo.net/james/james/img/slider/slider-3.jpg]
[htmldemo.net/james/james/img/slider/slider-4.jpg]
[htmldemo.net/james/james/img/slider/slider-logo.png]
[htmldemo.net/james/james/img/service/icon-1.png]
[htmldemo.net/james/james/index-2.html]
[htmldemo.net/james/james/img/product/grid-primary.png]
[htmldemo.net/james/james/img/product/grid-secondary.png]
[htmldemo.net/james/james/img/product/list-primary.png]
[htmldemo.net/james/james/img/product/list-secondary.png]
[htmldemo.net/james/james/img/product/i_asc_arrow.gif]
[htmldemo.net/james/james/shop.html]
[htmldemo.net/james/james/img/about/about.jpg]
[htmldemo.net/james/james/img/about/1.jpg]
[htmldemo.net/james/james/img/about/2.jpg]
[htmldemo.net/james/james/img/about/3.jpg]
[htmldemo.net/james/james/img/about/4.jpg]
[htmldemo.net/james/james/about-us.html]
[htmldemo.net/james/james/img/blog/admin.jpg]
[htmldemo.net/james/james/img/blog/user.jpg]
[htmldemo.net/james/james/blog-details.html]
[htmldemo.net/james/james/contact.html]
[htmldemo.net/james/james/shop-list.html]
[htmldemo.net/james/james/img/product/28.png]
[htmldemo.net/james/james/img/product/30.png]
[htmldemo.net/james/james/img/product/29.png]
[htmldemo.net/james/james/img/product/31.png]
[htmldemo.net/james/james/img/product/share.png]
[htmldemo.net/james/james/single-product.html]
[htmldemo.net/james/james/login.html]
[htmldemo.net/james/james/register.html]
[htmldemo.net/james/james/fonts/fontawesome-webfont3295.svg]
[htmldemo.net/james/james/css/grabbing.html]
[htmldemo.net/james/james/css/AjaxLoader.html]
[htmldemo.net/james/james/css/images/ui-bg_glass_75_dadada_1x400.html]
[htmldemo.net/james/james/css/images/ui-bg_glass_65_ffffff_1x400.html]
[htmldemo.net/james/james/css/images/ui-bg_glass_55_fbf9ee_1x400.html]
[htmldemo.net/james/james/css/images/ui-bg_glass_95_fef1ec_1x400.html]
[htmldemo.net/james/james/css/images/ui-icons_222222_256x240.html]
[htmldemo.net/james/james/css/images/ui-icons_888888_256x240.html]
[htmldemo.net/james/james/css/images/ui-icons_454545_256x240.html]
[htmldemo.net/james/james/css/images/ui-icons_2e83ff_256x240.html]
[htmldemo.net/james/james/css/images/ui-icons_cd0a0a_256x240.html]
[htmldemo.net/james/james/css/images/ui-bg_flat_0_aaaaaa_40x100.html]
